Picked up JAVA_TOOL_OPTIONS: -Dstdout.encoding=UTF-8 -Dstderr.encoding=UTF-8
[INFO] Scanning for projects...
[INFO] 
[INFO] -------------------------< com.norton:backend >-------------------------
[INFO] Building backend 0.0.1-SNAPSHOT
[INFO]   from pom.xml
[INFO] --------------------------------[ jar ]---------------------------------
[INFO] 
[INFO] --- resources:3.3.1:resources (default-resources) @ backend ---
[INFO] Copying 4 resources from src\main\resources to target\classes
[INFO] Copying 0 resource from src\main\resources to target\classes
[INFO] 
[INFO] --- compiler:3.14.1:compile (default-compile) @ backend ---
[INFO] Recompiling the module because of changed source code.
[INFO] Compiling 190 source files with javac [debug parameters release 21] to target\classes
WARNING: A terminally deprecated method in sun.misc.Unsafe has been called
WARNING: sun.misc.Unsafe::objectFieldOffset has been called by lombok.permit.Permit
WARNING: Please consider reporting this to the maintainers of class lombok.permit.Permit
WARNING: sun.misc.Unsafe::objectFieldOffset will be removed in a future release
[WARNING] /D:/Desktop/general_affair_system/backend/backend/src/main/java/com/norton/backend/models/OfficerModel.java:[109,35] @Builder will ignore the initializing expression entirely. If you want the initializing expression to serve as default, add @Builder.Default. If it is not supposed to be settable during building, make the field final.
[WARNING] /D:/Desktop/general_affair_system/backend/backend/src/main/java/com/norton/backend/models/OfficerModel.java:[112,37] @Builder will ignore the initializing expression entirely. If you want the initializing expression to serve as default, add @Builder.Default. If it is not supposed to be settable during building, make the field final.
[WARNING] /D:/Desktop/general_affair_system/backend/backend/src/main/java/com/norton/backend/models/AttendanceModel.java:[33,19] @Builder will ignore the initializing expression entirely. If you want the initializing expression to serve as default, add @Builder.Default. If it is not supposed to be settable during building, make the field final.
[WARNING] /D:/Desktop/general_affair_system/backend/backend/src/main/java/com/norton/backend/models/AttendanceModel.java:[36,19] @Builder will ignore the initializing expression entirely. If you want the initializing expression to serve as default, add @Builder.Default. If it is not supposed to be settable during building, make the field final.
[WARNING] /D:/Desktop/general_affair_system/backend/backend/src/main/java/com/norton/backend/models/PermissionModel.java:[21,30] @Builder will ignore the initializing expression entirely. If you want the initializing expression to serve as default, add @Builder.Default. If it is not supposed to be settable during building, make the field final.
[WARNING] /D:/Desktop/general_affair_system/backend/backend/src/main/java/com/norton/backend/models/UserRoleModel.java:[31,32] @Builder will ignore the initializing expression entirely. If you want the initializing expression to serve as default, add @Builder.Default. If it is not supposed to be settable during building, make the field final.
[WARNING] /D:/Desktop/general_affair_system/backend/backend/src/main/java/com/norton/backend/mapper/PermissionMapper.java:[18,19] Unmapped target property: "roles".
[INFO] /D:/Desktop/general_affair_system/backend/backend/src/main/java/com/norton/backend/exceptions/GlobalExceptionHandler.java: D:\Desktop\general_affair_system\backend\backend\src\main\java\com\norton\backend\exceptions\GlobalExceptionHandler.java uses or overrides a deprecated API.
[INFO] /D:/Desktop/general_affair_system/backend/backend/src/main/java/com/norton/backend/exceptions/GlobalExceptionHandler.java: Recompile with -Xlint:deprecation for details.
[INFO] ------------------------------------------------------------------------
[INFO] BUILD SUCCESS
[INFO] ------------------------------------------------------------------------
[INFO] Total time:  21.150 s
[INFO] Finished at: 2026-06-22T10:12:00+07:00
[INFO] ------------------------------------------------------------------------
